---
source: builder/tests/01-snapshots.rs
description: "Source file: 07-repeated-field.expanded.rs"
---
use derive_builder::Builder;
pub struct Command {
    executable: String,
    #[builder(each = "arg")]
    args: Vec<String>,
    #[builder(each = "env")]
    env: Vec<String>,
    current_dir: Option<String>,
}
/// Builder for Command.
pub struct CommandBuilder {
    executable: ::std::option::Option<::std::string::String>,
    args: ::std::option::Option<std::vec::Vec<::std::string::String>>,
    env: ::std::option::Option<::std::vec::Vec<std::string::String>>,
    current_dir: ::std::option::Option<std::string::String>,
}
impl Command {
    /// Creates a CommandBuilder struct for the object.
    pub fn builder() -> CommandBuilder {
        CommandBuilder {
            executable: None,
            args: None,
            env: None,
            current_dir: None,
        }
    }
}
impl CommandBuilder {
    /// Sets the `executable` field of the `Command` builder.
    ///
    /// Args:
    /// * `executable` - Sets the value of the `executable` field.
    fn executable(&mut self, executable: String) -> &mut Self {
        self.executable = Some(executable);
        self
    }
    /// Sets the `args` field of the `Command` builder.
    ///
    /// Args:
    /// * `args` - Sets the value of the `args` field.
    fn args(&mut self, args: Vec<String>) -> &mut Self {
        self.args = Some(args);
        self
    }
    /// Sets the `current_dir` field of the `Command` builder.
    ///
    /// Args:
    /// * `current_dir` - Sets the value of the `current_dir` field.
    fn current_dir(&mut self, current_dir: String) -> &mut Self {
        self.current_dir = Some(current_dir);
        self
    }
    fn env(&mut self, env: String) -> &mut Self {
        self.env.get_or_insert_with(::std::vec::Vec::new).push(env);
        self
    }
    fn arg(&mut self, arg: String) -> &mut Self {
        self.args.get_or_insert_with(::std::vec::Vec::new).push(arg);
        self
    }
    /// Builds a Command using the values provided to the builder.
    ///
    /// Errors:
    /// * Returns an error if all fields have not been explicitly set.
    pub fn build(
        &mut self,
    ) -> ::std::result::Result<Command, ::std::boxed::Box<dyn ::std::error::Error>> {
        let executable = self
            .executable
            .clone()
            .ok_or_else(|| -> ::std::boxed::Box<dyn std::error::Error> {
                "executable has not been set.".into()
            })?;
        let args = self.args.get_or_insert_with(::std::vec::Vec::new).clone();
        let env = self.env.get_or_insert_with(::std::vec::Vec::new).clone();
        let current_dir = self.current_dir.clone().or(::std::option::Option::None);
        ::std::result::Result::Ok(Command {
            executable,
            args,
            env,
            current_dir,
        })
    }
}
fn main() {
    let command = Command::builder()
        .executable("cargo".to_owned())
        .arg("build".to_owned())
        .arg("--release".to_owned())
        .build()
        .unwrap();
    match (&command.executable, &"cargo") {
        (left_val, right_val) => {
            if !(*left_val == *right_val) {
                let kind = ::core::panicking::AssertKind::Eq;
                ::core::panicking::assert_failed(
                    kind,
                    &*left_val,
                    &*right_val,
                    ::core::option::Option::None,
                );
            }
        }
    };
    match (
        &command.args,
        &::alloc::boxed::box_assume_init_into_vec_unsafe(
            ::alloc::intrinsics::write_box_via_move(
                ::alloc::boxed::Box::new_uninit(),
                ["build", "--release"],
            ),
        ),
    ) {
        (left_val, right_val) => {
            if !(*left_val == *right_val) {
                let kind = ::core::panicking::AssertKind::Eq;
                ::core::panicking::assert_failed(
                    kind,
                    &*left_val,
                    &*right_val,
                    ::core::option::Option::None,
                );
            }
        }
    };
}
