---
source: builder/tests/01-snapshots.rs
description: "Source file: 06-optional-field.expanded.rs"
---
use derive_builder::Builder;
pub struct Command {
    executable: String,
    args: Vec<String>,
    env: Vec<String>,
    current_dir: Option<String>,
}
fn main() {
    let command = Command::builder()
        .executable("cargo".to_owned())
        .args(
            <[_]>::into_vec(
                ::alloc::boxed::box_new(["build".to_owned(), "--release".to_owned()]),
            ),
        )
        .env(::alloc::vec::Vec::new())
        .build()
        .unwrap();
    if !command.current_dir.is_none() {
        ::core::panicking::panic("assertion failed: command.current_dir.is_none()")
    }
    let command = Command::builder()
        .executable("cargo".to_owned())
        .args(
            <[_]>::into_vec(
                ::alloc::boxed::box_new(["build".to_owned(), "--release".to_owned()]),
            ),
        )
        .env(::alloc::vec::Vec::new())
        .current_dir("..".to_owned())
        .build()
        .unwrap();
    if !command.current_dir.is_some() {
        ::core::panicking::panic("assertion failed: command.current_dir.is_some()")
    }
}
